MO seven_seg2 NULL seven_seg2.vf vlg5D/seven__seg2.bin 1462907424
MO cef_MUSER_test_bench NULL test_bench.vf vlg13/cef___m_u_s_e_r__test__bench.bin 1462907424
MO abdg_MUSER_test_bench NULL test_bench.vf vlg53/abdg___m_u_s_e_r__test__bench.bin 1462907424
MO seven_seg2_MUSER_test_bench NULL test_bench.vf vlg72/seven__seg2___m_u_s_e_r__test__bench.bin 1462907424
MO cef_MUSER_seven_seg2 NULL seven_seg2.vf vlg49/cef___m_u_s_e_r__seven__seg2.bin 1462907424
MO abdg_MUSER_seven_seg2 NULL seven_seg2.vf vlg09/abdg___m_u_s_e_r__seven__seg2.bin 1462907424
MO abdg NULL abdg.vf vlg4A/abdg.bin 1462907424
MO cef NULL cef.vf vlg0A/cef.bin 1462907423
MO test_bench NULL test_bench.vf vlg27/test__bench.bin 1462907424
